// Jest Snapshot v1, https://goo.gl/fbAQLP

exports[`pruebas en <GifExpertApp/>> debe hacer el snatShot  de <GifExpertApp/> 1`] = `
<div>
  <h1>
    GifExpertApp
  </h1>
  <form
    aria-label="form"
  >
    <input
      placeholder="buscar gif"
      type="text"
      value=""
    />
  </form>
  <div />
</div>
`;
