// Jest Snapshot v1, https://goo.gl/fbAQLP

exports[`pruebas en el componente  gifItem debe hacer match con el snapshot 1`] = `
<div>
  <div
    class="card img"
  >
    <img
      alt="saitana"
      src="https://saitana.org/jpg"
    />
    <p>
      saitana
    </p>
  </div>
</div>
`;
